// Jest Snapshot v1, https://goo.gl/fbAQLP

exports[`App.js snapshot test should render with given state from Redux store 1`] = `
<div
  className="App"
>
  <nav
    className="color-nav navbar navbar-expand-lg navbar-light"
  >
    <span
      className="navbar-brand"
    >
      <img
        alt="Own Up"
        className="d-inline-block align-top"
        src="ownup-logo.svg"
        width="200"
      />
    </span>
    <button
      aria-controls="basic-navbar-nav"
      aria-label="Toggle navigation"
      className="navbar-toggler collapsed"
      onClick={[Function]}
      type="button"
    >
      <span
        className="navbar-toggler-icon"
      />
    </button>
    <div
      aria-expanded={null}
      className="navbar-collapse collapse"
      id="basic-navbar-nav"
    >
      <div
        className="ml-auto navbar-nav"
        onKeyDown={[Function]}
      >
        <p>
          <a
            className="nav-link"
            data-rb-event-key="https://www.ownup.com/about/"
            href="https://www.ownup.com/about/"
            onClick={[Function]}
            onKeyDown={[Function]}
          >
            About
          </a>
        </p>
        <p>
          <a
            className="nav-link"
            data-rb-event-key="https://www.ownup.com/how-it-works/"
            href="https://www.ownup.com/how-it-works/"
            onClick={[Function]}
            onKeyDown={[Function]}
          >
            How It Works
          </a>
        </p>
        <p>
          <a
            className="nav-link"
            data-rb-event-key="https://resources.ownup.com/"
            href="https://resources.ownup.com/"
            onClick={[Function]}
            onKeyDown={[Function]}
          >
            Resources
          </a>
        </p>
        <p>
          <a
            className="nav-link"
            data-rb-event-key="https://www.ownup.com/reviews/"
            href="https://www.ownup.com/reviews/"
            onClick={[Function]}
            onKeyDown={[Function]}
          >
            Reviews
          </a>
        </p>
        <p>
          <a
            className="nav-link"
            data-rb-event-key="https://www.ownup.com/faq/"
            href="https://www.ownup.com/faq/"
            onClick={[Function]}
            onKeyDown={[Function]}
          >
            FAQs
          </a>
        </p>
        <p>
          <a
            className="nav-link"
            data-rb-event-key="https://discover.ownup.com/get-started"
            href="https://discover.ownup.com/get-started"
            onClick={[Function]}
            onKeyDown={[Function]}
          >
            Get Started
          </a>
        </p>
      </div>
    </div>
  </nav>
  <h1
    id="title"
  >
    <span>
      Rate Quote Calculator
    </span>
  </h1>
  <p
    id="description"
  >
    At Own Up we’re always looking to help our customers save money on their mortgage. As such, we want to make sure we’re looking at quotes from multiple local lenders to find the best rate. This calculator helps you compare and calculate mortgage product rate quotes from our lender network. Just fill out the form below to get started.
  </p>
  <div
    className="container-fluid"
  >
    <form
      className=""
      id="forMedScreen"
    >
      <div
        className="form-row"
      >
        <div
          className="d-flex justify-content-end form-group col-lg-2 col-md-2"
        >
          <label
            className="form-label"
          >
            Loan Size
          </label>
        </div>
        <div
          className="d-flex justify-content-start form-group col-lg-4 col-md-4"
        >
          <div
            className="formBox mb-3 noerror input-group"
          >
            <div
              className="input-group-prepend"
            >
              <span
                className="input-group-text"
              >
                $
              </span>
            </div>
            <input
              className="form-control form-control-md"
              min="300"
              name="loan"
              onChange={[Function]}
              placeholder="450,000"
              type="number"
            />
          </div>
        </div>
        <div
          className="d-flex justify-content-end form-group col-lg-2 col-md-2"
        >
          <label
            className="form-label"
          >
            Property Type
          </label>
        </div>
        <div
          className="d-flex justify-content-start form-group col-lg-4 col-md-4"
        >
          <select
            className="formBox noerror form-control form-control-md"
            defaultValue="DEFAULT"
            name="property"
            onChange={[Function]}
          >
            <option
              disabled={true}
              hidden={true}
              value="DEFAULT"
            >
              Select Option
            </option>
            <option
              value="SingleFamily"
            >
              Single Family
            </option>
            <option
              value="Condo"
            >
              Condo
            </option>
            <option
              value="Townhouse"
            >
              Townhouse
            </option>
            <option
              value="MultiFamily"
            >
              Multi-Family
            </option>
          </select>
        </div>
      </div>
      <div
        className="form-row"
      >
        <div
          className="d-flex justify-content-end form-group col-md-2"
        >
          <label
            className="form-label"
          >
            Credit Score
          </label>
        </div>
        <div
          className="d-flex justify-content-start form-group col-lg-4 col-md-4"
        >
          <input
            className="formBox noerror form-control form-control-md"
            max="800"
            min="300"
            name="credit"
            onChange={[Function]}
            placeholder="300-800"
            type="number"
          />
        </div>
        <div
          className="d-flex justify-content-end form-group col-lg-2 col-md-2"
        >
          <label
            className="form-label"
          >
            Occupancy
          </label>
        </div>
        <div
          className="d-flex justify-content-start form-group col-md-4"
        >
          <select
            className="formBox noerror form-control form-control-md"
            defaultValue="DEFAULT"
            name="occupancy"
            onChange={[Function]}
          >
            <option
              disabled={true}
              hidden={true}
              value="DEFAULT"
            >
              Select Option
            </option>
            <option
              value="Primary"
            >
              Primary Residence
            </option>
            <option
              value="Secondary"
            >
              Secondary Residence
            </option>
            <option
              value="Investment"
            >
              Investment
            </option>
          </select>
        </div>
      </div>
      <div
        className="form-row"
      >
        <div
          className="justify-content-start form-group col-lg-8 col-md-8"
        />
        <div
          className="justify-content-start button form-group col-lg-4 col-md-4"
        >
          <button
            className="blackBackground btn btn-primary"
            disabled={false}
            onClick={[Function]}
            type="submit"
          >
            Quote Rates
          </button>
        </div>
      </div>
    </form>
    <div
      className="row"
    >
      <div
        className="col"
      >
        <div
          className="fade d-none alert alert-danger show"
          role="alert"
        >
          
        </div>
      </div>
    </div>
    <div
      className="d-flex row"
    >
      <p />
    </div>
  </div>
</div>
`;
