// Jest Snapshot v1, https://goo.gl/fbAQLP

exports[`Testing Table.js snapshot test 1`] = `<p />`;
